=== 02:32 start seed1 (seed 1, signflip 0, wscale 0.3)
**18/19 checks pass under ONE parameter set** (same LIFParams for every circuit).
=== 02:51 done  seed1
=== 02:51 start seed2 (seed 2, signflip 0, wscale 0.3)
**18/19 checks pass under ONE parameter set** (same LIFParams for every circuit).
=== 03:10 done  seed2
=== 03:10 start signflip05_a (seed 0, signflip 0.05, wscale 0.3)
**17/19 checks pass under ONE parameter set** (same LIFParams for every circuit).
=== 03:29 done  signflip05_a
=== 03:29 start signflip05_b (seed 1, signflip 0.05, wscale 0.3)
**19/19 checks pass under ONE parameter set** (same LIFParams for every circuit).
=== 03:48 done  signflip05_b
=== 03:48 start signflip10 (seed 0, signflip 0.10, wscale 0.3)
**15/19 checks pass under ONE parameter set** (same LIFParams for every circuit).
=== 04:06 done  signflip10
=== 04:06 start wscale025 (seed 0, signflip 0, wscale 0.25)
**18/19 checks pass under ONE parameter set** (same LIFParams for every circuit).
=== 04:25 done  wscale025
=== 04:25 start wscale035 (seed 0, signflip 0, wscale 0.35)
**15/19 checks pass under ONE parameter set** (same LIFParams for every circuit).
=== 04:43 done  wscale035
=== 04:43 start wscale040 (seed 0, signflip 0, wscale 0.40)
**16/19 checks pass under ONE parameter set** (same LIFParams for every circuit).
=== 05:02 done  wscale040

SUMMARY
seed1            18/19 checks pass
seed2            18/19 checks pass
signflip05_a     17/19 checks pass
signflip05_b     19/19 checks pass
signflip10       15/19 checks pass
wscale025        18/19 checks pass
wscale035        15/19 checks pass
wscale040        16/19 checks pass
