[graph] 176,422 neurons, 6,127,738 signed edges (dropped 110,136 unknown-NT pairs and modulatory amines)

  sound ->  JO-A/JO-B (antenna)  ==gap (calibrated 3 mV)==>  GF (DNp01)   subthreshold alone
  loom  ->  LC4/LPLC2            ==chem=====================>  GF          summates -> spike
JO vibration types: ['JO-A2', 'JO-A1', 'JO-A4', 'JO-A3', 'JO-B1_a', 'JO-B4_b', 'JO-B1_b', 'JO-B3', 'JO-B1_c', 'JO-B2', 'JO-B4_a']
[graph] removed 679 EM chemical synapses on declared mixed pairs (modelled as electrical)
  raster: 4 ms/char, 100 ms from onset   (| spike, # multiple)
  t0  DNp01  .........................
  t0  CNS    ..233444334444432........   (log2 spikes/bin, 9 = flood)

  t1  DNp01  .........................
  t1  CNS    .1333334343443421........   (log2 spikes/bin, 9 = flood)

[A1_jo_alone_electrical] GF 0.00/cell hit 0.00 lat nan ms depol 1.10 mV | CNS 0.0030 Hz | 45.5s
[graph] removed 679 EM chemical synapses on declared mixed pairs (modelled as electrical)
  raster: 4 ms/char, 100 ms from onset   (| spike, # multiple)
  t0  DNp01  .........................
  t0  CNS    ..233444334444432........   (log2 spikes/bin, 9 = flood)

  t1  DNp01  .........................
  t1  CNS    .1333334343443421........   (log2 spikes/bin, 9 = flood)

[A3_jo_alone_no_electrical_no_mixed_edges] GF 0.00/cell hit 0.00 lat nan ms depol 0.15 mV | CNS 0.0030 Hz | 43.2s
  raster: 4 ms/char, 100 ms from onset   (| spike, # multiple)
  t0  DNp01  ...|.....................
  t0  CNS    ..233444344444432........   (log2 spikes/bin, 9 = flood)

  t1  DNp01  ..|......................
  t1  CNS    .1333334343443421........   (log2 spikes/bin, 9 = flood)

[ref_jo_alone_chem_only_EM_as_annotated] GF 0.70/cell hit 1.00 lat 14.1 ms depol 3.63 mV | CNS 0.0030 Hz | 43.0s
[graph] removed 679 EM chemical synapses on declared mixed pairs (modelled as electrical)
  raster: 4 ms/char, 100 ms from onset   (| spike, # multiple)
  t0  DNp01  .....||..................
  t0  CNS    ..122444333233433221.....   (log2 spikes/bin, 9 = flood)

  t1  DNp01  .......|.................
  t1  CNS    ..22333322113222.........   (log2 spikes/bin, 9 = flood)

[loom_alone] GF 0.93/cell hit 0.80 lat 28.5 ms depol 6.28 mV | CNS 0.0025 Hz | 45.3s
[graph] removed 679 EM chemical synapses on declared mixed pairs (modelled as electrical)
  raster: 4 ms/char, 100 ms from onset   (| spike, # multiple)
  t0  DNp01  ....|....................
  t0  CNS    ..34554544444444221......   (log2 spikes/bin, 9 = flood)

  t1  DNp01  ..............|..........
  t1  CNS    ..444444444554442........   (log2 spikes/bin, 9 = flood)

[A2_loom_plus_jo] GF 0.45/cell hit 0.70 lat 32.4 ms depol 4.61 mV | CNS 0.0052 Hz | 45.5s
[graph] removed 679 EM chemical synapses on declared mixed pairs (modelled as electrical)
  raster: 4 ms/char, 100 ms from onset   (| spike, # multiple)
  t0  DNp01  .........................
  t0  CNS    .....121..122.1..........   (log2 spikes/bin, 9 = flood)

  t1  DNp01  .........................
  t1  CNS    ...21.11.2121.1.1........   (log2 spikes/bin, 9 = flood)

[A4_jo_rewired_null_chem] GF 0.00/cell hit 0.00 lat nan ms depol 0.00 mV | CNS 0.0003 Hz | 43.4s

CHECKS
  PASS  A1_jo_alone_mostly_subthreshold
  FAIL  A2_summation_with_loom
  PASS  A3_declared_pairs_carry_jo_drive
  PASS  A4_null_silent
  PASS  A5_cns_quiet

BENCHMARK FAIL  -> results/auditory/report.json
