[graph] 176,422 neurons, 6,127,738 signed edges (dropped 110,136 unknown-NT pairs and modulatory amines)

  sound ->  JO-A/JO-B (antenna)  ==gap (calibrated 3 mV)==>  GF (DNp01)   subthreshold alone
  loom  ->  LC4/LPLC2            ==chem=====================>  GF          summates -> spike
JO vibration types: ['JO-A2', 'JO-A1', 'JO-A4', 'JO-A3', 'JO-B1_a', 'JO-B4_b', 'JO-B1_b', 'JO-B3', 'JO-B1_c', 'JO-B2', 'JO-B4_a']
[graph] removed 679 EM chemical synapses on declared mixed pairs (modelled as electrical)
  raster: 4 ms/char, 100 ms from onset   (| spike, # multiple)
  t0  DNp01  .........................
  t0  CNS    ..233334423443331........   (log2 spikes/bin, 9 = flood)

  t1  DNp01  .........................
  t1  CNS    .1324332343344442........   (log2 spikes/bin, 9 = flood)

[A1_jo_alone_electrical] GF 0.00/cell hit 0.00 lat nan ms depol 1.41 mV | CNS 0.0030 Hz | 45.4s
[graph] removed 679 EM chemical synapses on declared mixed pairs (modelled as electrical)
  raster: 4 ms/char, 100 ms from onset   (| spike, # multiple)
  t0  DNp01  .........................
  t0  CNS    ..233334423443331........   (log2 spikes/bin, 9 = flood)

  t1  DNp01  .........................
  t1  CNS    .1324332343344442........   (log2 spikes/bin, 9 = flood)

[A3_jo_alone_no_electrical_no_mixed_edges] GF 0.00/cell hit 0.00 lat nan ms depol 0.28 mV | CNS 0.0030 Hz | 43.5s
  raster: 4 ms/char, 100 ms from onset   (| spike, # multiple)
  t0  DNp01  ...|.........|...........
  t0  CNS    ..23333443344433.........   (log2 spikes/bin, 9 = flood)

  t1  DNp01  ..|......................
  t1  CNS    .1324332343344442........   (log2 spikes/bin, 9 = flood)

[ref_jo_alone_chem_only_EM_as_annotated] GF 0.78/cell hit 1.00 lat 11.9 ms depol 3.58 mV | CNS 0.0030 Hz | 42.9s
[graph] removed 679 EM chemical synapses on declared mixed pairs (modelled as electrical)
  raster: 4 ms/char, 100 ms from onset   (| spike, # multiple)
  t0  DNp01  ......#..................
  t0  CNS    .124433333333333.........   (log2 spikes/bin, 9 = flood)

  t1  DNp01  ...|.|.......||..........
  t1  CNS    ..3344433444444432.......   (log2 spikes/bin, 9 = flood)

[loom_alone] GF 0.93/cell hit 0.95 lat 26.1 ms depol 6.63 mV | CNS 0.0022 Hz | 45.2s
[graph] removed 679 EM chemical synapses on declared mixed pairs (modelled as electrical)
  raster: 4 ms/char, 100 ms from onset   (| spike, # multiple)
  t0  DNp01  ...|.....................
  t0  CNS    ..24444544444444321.1....   (log2 spikes/bin, 9 = flood)

  t1  DNp01  ........|................
  t1  CNS    ..334544343444432........   (log2 spikes/bin, 9 = flood)

[A2_loom_plus_jo] GF 0.40/cell hit 0.65 lat 28.7 ms depol 4.53 mV | CNS 0.0050 Hz | 45.4s
[graph] removed 679 EM chemical synapses on declared mixed pairs (modelled as electrical)
  raster: 4 ms/char, 100 ms from onset   (| spike, # multiple)
  t0  DNp01  .........................
  t0  CNS    ........1..11211.........   (log2 spikes/bin, 9 = flood)

  t1  DNp01  .........................
  t1  CNS    ..1122221.1.1............   (log2 spikes/bin, 9 = flood)

[A4_jo_rewired_null_chem] GF 0.00/cell hit 0.00 lat nan ms depol 0.00 mV | CNS 0.0003 Hz | 44.2s

CHECKS
  PASS  A1_jo_alone_mostly_subthreshold
  FAIL  A2_summation_with_loom
  PASS  A3_declared_pairs_carry_jo_drive
  PASS  A4_null_silent
  PASS  A5_cns_quiet

BENCHMARK FAIL  -> results/auditory/report.json
