[graph] 176,422 neurons, 6,127,738 signed edges (dropped 110,136 unknown-NT pairs and modulatory amines)

  loom  ->  LC4/LPLC2 (lobula)  ==chem==>  GF (DNp01)  ==gap 0.8ms==>  TTMn  ->  jump
                                                 \==gap 0.8ms==>  PSI  ->  DLMn (wing)
  [brain] ........................................ neck ........ [VNC]
[graph] removed 679 EM chemical synapses on declared mixed pairs (modelled as electrical)
  raster: 4 ms/char, 120 ms from onset   (| spike, # multiple)
  t0  DNp01  ......#.......................
  t0  TTMn   ......||......................
  t0  CNS    .124433333333333..............   (log2 spikes/bin, 9 = flood)

  t1  DNp01  ...|.|.......||...............
  t1  TTMn   ....|.|.......................
  t1  CNS    ..3344433444444432............   (log2 spikes/bin, 9 = flood)

  t2  DNp01  .............|.|..............
  t2  TTMn   .............|.|..............
  t2  CNS    .233232333333334221...........   (log2 spikes/bin, 9 = flood)

  region activity (spikes per neuron over 20 stimulus windows):
  efferent_ascending     ######################################## 1.000
  visual_centrifugal     ######################                   0.552
  vnc_efferent           ###############                          0.394
  descending_neuron      ########                                 0.210
  vnc_motor              ###                                      0.077
  cb_intrinsic           ##                                       0.060
  ascending_neuron       #                                        0.041
  vnc_intrinsic                                                   0.002
  visual_projection                                               0.000
[real_electrical] GF 0.93/cell hit 0.95 lat 26.1 ms | TTMn 0.80/cell lag 0.90 ms | pop 0.0022 Hz | 46.4s
  raster: 4 ms/char, 120 ms from onset   (| spike, # multiple)
  t0  DNp01  .....||.......................
  t0  TTMn   ..............................
  t0  CNS    .124433233333333..............   (log2 spikes/bin, 9 = flood)

  t1  DNp01  ...|.|.......||...............
  t1  TTMn   ..............................
  t1  CNS    ..3344333444444432............   (log2 spikes/bin, 9 = flood)

  t2  DNp01  .....|......|.................
  t2  TTMn   ..............................
  t2  CNS    .233232333333334211...........   (log2 spikes/bin, 9 = flood)

  region activity (spikes per neuron over 20 stimulus windows):
  efferent_ascending     ######################################## 1.000
  visual_centrifugal     ######################                   0.552
  descending_neuron      ########                                 0.212
  cb_intrinsic           ##                                       0.060
  ascending_neuron       #                                        0.041
  vnc_motor              #                                        0.031
  vnc_intrinsic                                                   0.002
  visual_projection                                               0.000
[real_chemical_only] GF 0.97/cell hit 0.95 lat 23.7 ms | TTMn 0.00/cell lag nan ms | pop 0.0021 Hz | 42.9s
  raster: 4 ms/char, 120 ms from onset   (| spike, # multiple)
  t0  DNp01  ..............................
  t0  TTMn   ..............................
  t0  CNS    ..............................   (log2 spikes/bin, 9 = flood)

  t1  DNp01  ..............................
  t1  TTMn   ..............................
  t1  CNS    ..............................   (log2 spikes/bin, 9 = flood)

  t2  DNp01  ..............................
  t2  TTMn   ..............................
  t2  CNS    ..............................   (log2 spikes/bin, 9 = flood)

  region activity: none
[rewired_null] GF 0.00/cell hit 0.00 lat nan ms | TTMn 0.00/cell lag nan ms | pop 0.0000 Hz | 44.8s

CHECKS
  PASS  gf_spikes_per_response_1_to_2
  PASS  gf_hit_ge_0.8
  PASS  gf_latency_10_60ms
  PASS  ttmn_one_to_one
  PASS  ttmn_lag_0.5_1.5ms
  PASS  cns_quiet
  PASS  electrical_necessary
  PASS  null_silent

BENCHMARK PASS  -> results/gf_escape/report.json
