[graph] 176,422 neurons, 6,127,738 signed edges (dropped 110,136 unknown-NT pairs and modulatory amines)

  loom  ->  LC4/LPLC2 (lobula)  ==chem==>  GF (DNp01)  ==gap 0.8ms==>  TTMn  ->  jump
                                                 \==gap 0.8ms==>  PSI  ->  DLMn (wing)
  [brain] ........................................ neck ........ [VNC]
loom tuning source: MEASURED: Turner, Krieger, Pang & Clandinin 2022, eLife 11:e82587; Dryad doi:10.5061/dryad.h44j0zpp8 (10 flies, extracted 2026-09-08); peak rate 5.0 Hz; gain sigma 0.3834
[graph] removed 679 EM chemical synapses on declared mixed pairs (modelled as electrical)
  per trial GF/TTMn spikes: 0/0 1/1 0/0 0/0 7/7 5/5 0/0 4/4 0/0 0/0 5/5 0/0 1/1 0/0 3/3 0/0 3/3 0/0 3/3 0/0
  raster: 4 ms/char, 120 ms from onset   (| spike, # multiple)
  t0  DNp01  ..............................
  t0  TTMn   ..............................
  t0  CNS    .134444333443344311...........   (log2 spikes/bin, 9 = flood)

  t1  DNp01  .......|......................
  t1  TTMn   .......|......................
  t1  CNS    .12444332333323331............   (log2 spikes/bin, 9 = flood)

  t2  DNp01  ..............................
  t2  TTMn   ..............................
  t2  CNS    .2233443334323331.............   (log2 spikes/bin, 9 = flood)

  region activity (spikes per neuron over 20 stimulus windows):
  visual_centrifugal     ######################################## 1.066
  vnc_efferent           ############                             0.340
  efferent_ascending     #########                                0.250
  cb_intrinsic           ####                                     0.123
  descending_neuron      ###                                      0.081
  vnc_motor              #                                        0.046
  ascending_neuron                                                0.007
  visual_projection                                               0.000
  vnc_intrinsic                                                   0.000
  ol_intrinsic                                                    0.000
[real_electrical] GF 0.80/cell hit 0.45 (95% CI 0.26-0.66) lat 35.1 ms | TTMn 0.80/cell lag 0.90 ms | pop 0.0038 Hz | 52.2s
  per trial GF/TTMn spikes: 0/0 1/0 0/0 0/0 7/0 6/0 0/0 4/0 1/0 0/0 5/0 0/0 1/0 0/0 3/0 0/0 3/0 0/0 3/0 0/0
  raster: 4 ms/char, 120 ms from onset   (| spike, # multiple)
  t0  DNp01  ..............................
  t0  TTMn   ..............................
  t0  CNS    .134444333443344311...........   (log2 spikes/bin, 9 = flood)

  t1  DNp01  .......|......................
  t1  TTMn   ..............................
  t1  CNS    .12444332333323331............   (log2 spikes/bin, 9 = flood)

  t2  DNp01  ..............................
  t2  TTMn   ..............................
  t2  CNS    .2233443334323331.............   (log2 spikes/bin, 9 = flood)

  region activity (spikes per neuron over 20 stimulus windows):
  visual_centrifugal     ######################################## 1.066
  efferent_ascending     #########                                0.250
  cb_intrinsic           ####                                     0.123
  descending_neuron      ###                                      0.083
  ascending_neuron                                                0.007
  visual_projection                                               0.000
  vnc_intrinsic                                                   0.000
  ol_intrinsic                                                    0.000
[real_chemical_only] GF 0.85/cell hit 0.50 (95% CI 0.30-0.70) lat 33.0 ms | TTMn 0.00/cell lag nan ms | pop 0.0037 Hz | 50.5s
  per trial GF/TTMn spikes: 0/0 0/0 0/0 0/0 0/0 0/0 0/0 0/0 0/0 0/0 0/0 0/0 0/0 0/0 0/0 0/0 0/0 0/0 0/0 0/0
  raster: 4 ms/char, 120 ms from onset   (| spike, # multiple)
  t0  DNp01  ..............................
  t0  TTMn   ..............................
  t0  CNS    ..............................   (log2 spikes/bin, 9 = flood)

  t1  DNp01  ..............................
  t1  TTMn   ..............................
  t1  CNS    ..............................   (log2 spikes/bin, 9 = flood)

  t2  DNp01  ..............................
  t2  TTMn   ..............................
  t2  CNS    ..............................   (log2 spikes/bin, 9 = flood)

  region activity (spikes per neuron over 20 stimulus windows):
  vnc_intrinsic          ######################################## 0.000
[rewired_null] GF 0.00/cell hit 0.00 (95% CI -0.00-0.16) lat nan ms | TTMn 0.00/cell lag nan ms | pop 0.0000 Hz | 51.8s

CHECKS
  PASS  gf_spikes_per_response_1_to_2
  FAIL  gf_response_prob_0.5_to_1
  PASS  gf_latency_10_60ms
  PASS  ttmn_one_to_one
  PASS  ttmn_lag_0.5_1.5ms
  PASS  cns_quiet
  PASS  electrical_necessary
  PASS  null_silent

BENCHMARK FAIL  -> results/gf_escape/report.json
