[graph] TARGETED SIGN FLIP: 132,680 edges (2.0% of weight) from neurons whose T-bars disagree with their consensus label
[graph] 176,422 neurons, 6,127,738 signed edges (dropped 110,136 unknown-NT pairs and modulatory amines)

  loom  ->  LC4/LPLC2 (lobula)  ==chem==>  GF (DNp01)  ==gap 0.8ms==>  TTMn  ->  jump
                                                 \==gap 0.8ms==>  PSI  ->  DLMn (wing)
  [brain] ........................................ neck ........ [VNC]
loom tuning source: MEASURED (all trials): Turner, Krieger, Pang & Clandinin 2022, eLife 11:e82587; Dryad doi:10.5061/dryad.h44j0zpp8 (21 flies, extracted 2026-09-09); peak rate 5.0 Hz; gain sigma 0.3687
[graph] removed 679 EM chemical synapses on declared mixed pairs (modelled as electrical)
  per trial GF/TTMn spikes: 2/2 0/0 4/4 2/2 0/0 2/2 4/4 2/2 0/0 0/0 1/1 2/2 0/0 1/1 0/0 0/0 0/0 1/1 1/1 3/3 0/0 4/4 0/0 2/2 3/3 2/2 0/0 0/0 1/1 2/2 0/0 1/1 1/1 2/2 2/2 2/2 0/0 1/1 2/2 4/4
  raster: 4 ms/char, 120 ms from onset   (| spike, # multiple)
  t0  DNp01  ........|........|............
  t0  TTMn   ........|.........|...........
  t0  CNS    .134444443443344332...........   (log2 spikes/bin, 9 = flood)

  t1  DNp01  ..............................
  t1  TTMn   ..............................
  t1  CNS    .234444444444332..............   (log2 spikes/bin, 9 = flood)

  t2  DNp01  ..........#...|.|.............
  t2  TTMn   ..........#....||.............
  t2  CNS    .1344444445454442.............   (log2 spikes/bin, 9 = flood)

  region activity (spikes per neuron over 40 stimulus windows):
  visual_centrifugal     ######################################## 2.325
  vnc_efferent           #########                                0.574
  efferent_ascending     ########                                 0.500
  cb_intrinsic           ####                                     0.285
  descending_neuron      ###                                      0.178
  vnc_motor              #                                        0.077
  ascending_neuron                                                0.010
  vnc_intrinsic                                                   0.000
  visual_projection                                               0.000
  ol_intrinsic                                                    0.000
[real_electrical] GF 0.68/cell hit 0.65 (95% CI 0.50-0.78) lat 38.7 ms | TTMn 0.68/cell lag 0.90 ms | pop 0.0044 Hz | 156.6s
  per trial GF/TTMn spikes: 2/0 1/0 4/0 2/0 0/0 2/0 5/0 2/0 0/0 0/0 1/0 2/0 0/0 1/0 0/0 0/0 1/0 1/0 2/0 3/0 0/0 4/0 1/0 2/0 3/0 2/0 0/0 0/0 1/0 2/0 1/0 1/0 1/0 2/0 2/0 2/0 1/0 1/0 2/0 5/0
  raster: 4 ms/char, 120 ms from onset   (| spike, # multiple)
  t0  DNp01  .......|.........|............
  t0  TTMn   ..............................
  t0  CNS    .134444443443344331...........   (log2 spikes/bin, 9 = flood)

  t1  DNp01  ..............|...............
  t1  TTMn   ..............................
  t1  CNS    .234444444444332..............   (log2 spikes/bin, 9 = flood)

  t2  DNp01  ..........#...|.|.............
  t2  TTMn   ..............................
  t2  CNS    .1344444444454431.............   (log2 spikes/bin, 9 = flood)

  region activity (spikes per neuron over 40 stimulus windows):
  visual_centrifugal     ######################################## 2.325
  efferent_ascending     ########                                 0.500
  cb_intrinsic           ####                                     0.285
  descending_neuron      ###                                      0.183
  ascending_neuron                                                0.010
  vnc_intrinsic                                                   0.000
  visual_projection                                               0.000
  ol_intrinsic                                                    0.000
[real_chemical_only] GF 0.78/cell hit 0.78 (95% CI 0.62-0.88) lat 36.8 ms | TTMn 0.00/cell lag nan ms | pop 0.0044 Hz | 151.5s
  per trial GF/TTMn spikes: 0/0 0/0 0/0 0/0 0/0 0/0 0/0 0/0 0/0 0/0 0/0 0/0 0/0 0/0 0/0 0/0 0/0 0/0 0/0 0/0 0/0 0/0 0/0 0/0 0/0 0/0 0/0 0/0 0/0 0/0 0/0 0/0 0/0 0/0 0/0 0/0 0/0 0/0 0/0 0/0
  raster: 4 ms/char, 120 ms from onset   (| spike, # multiple)
  t0  DNp01  ..............................
  t0  TTMn   ..............................
  t0  CNS    ..............................   (log2 spikes/bin, 9 = flood)

  t1  DNp01  ..............................
  t1  TTMn   ..............................
  t1  CNS    ..............................   (log2 spikes/bin, 9 = flood)

  t2  DNp01  ..............................
  t2  TTMn   ..............................
  t2  CNS    ..............................   (log2 spikes/bin, 9 = flood)

  region activity (spikes per neuron over 40 stimulus windows):
  cb_intrinsic           ######################################## 0.000
[rewired_null] GF 0.00/cell hit 0.00 (95% CI -0.00-0.09) lat nan ms | TTMn 0.00/cell lag nan ms | pop 0.0000 Hz | 157.4s

CHECKS
  PASS  gf_spikes_per_response_1_to_2
  PASS  gf_response_prob_0.5_to_1
  PASS  gf_latency_10_60ms
  PASS  ttmn_one_to_one
  PASS  ttmn_lag_0.5_1.5ms
  PASS  cns_quiet
  PASS  electrical_necessary
  PASS  null_silent

BENCHMARK PASS  -> results/gf_escape/report.json
