[graph] TARGETED SIGN FLIP: 132,680 edges (2.0% of weight) from neurons whose T-bars disagree with their consensus label
[graph] 176,422 neurons, 6,127,738 signed edges (dropped 110,136 unknown-NT pairs and modulatory amines)

  sound ->  JO-A/JO-B (antenna)  ==gap (calibrated 3 mV)==>  GF (DNp01)   subthreshold alone
  loom  ->  LC4/LPLC2            ==chem=====================>  GF          summates -> spike
auditory JO types (11, 105 neurons): ['JO-A1', 'JO-A2', 'JO-A3', 'JO-A4', 'JO-B1_a', 'JO-B1_b', 'JO-B1_c', 'JO-B2', 'JO-B3', 'JO-CA1', 'JO-CA2']
wind/gravity control types (28): ['JO-A4', 'JO-B1_a', 'JO-B1_b', 'JO-B1_c', 'JO-B2', 'JO-B3']...
[graph] removed 679 EM chemical synapses on declared mixed pairs (modelled as electrical)
  raster: 4 ms/char, 100 ms from onset   (| spike, # multiple)
  t0  DNp01  .........................
  t0  CNS    ...22333121123221........   (log2 spikes/bin, 9 = flood)

  t1  DNp01  .........................
  t1  CNS    ..22233222121231.........   (log2 spikes/bin, 9 = flood)

[cal_loom_gain_0.4] GF 0.00/cell hit 0.00 lat nan ms depol 3.06 mV | CNS 0.0010 Hz | 158.9s
  calibration: loom gain 0.4 -> GF hit 0.00, depol 3.06 mV
[graph] removed 679 EM chemical synapses on declared mixed pairs (modelled as electrical)
  raster: 4 ms/char, 100 ms from onset   (| spike, # multiple)
  t0  DNp01  .........................
  t0  CNS    ..22433322232233311......   (log2 spikes/bin, 9 = flood)

  t1  DNp01  .........................
  t1  CNS    .12334332232233212.......   (log2 spikes/bin, 9 = flood)

[cal_loom_gain_0.6] GF 0.01/cell hit 0.03 lat 23.4 ms depol 4.25 mV | CNS 0.0018 Hz | 160.3s
  calibration: loom gain 0.6 -> GF hit 0.03, depol 4.25 mV
[graph] removed 679 EM chemical synapses on declared mixed pairs (modelled as electrical)
  raster: 4 ms/char, 100 ms from onset   (| spike, # multiple)
  t0  DNp01  .........|...............
  t0  CNS    .1234344343423332........   (log2 spikes/bin, 9 = flood)

  t1  DNp01  .........................
  t1  CNS    .234333333433443.........   (log2 spikes/bin, 9 = flood)

[cal_loom_gain_0.8] GF 0.16/cell hit 0.33 lat 45.5 ms depol 5.32 mV | CNS 0.0028 Hz | 161.6s
  calibration: loom gain 0.8 -> GF hit 0.33, depol 5.32 mV
[graph] removed 679 EM chemical synapses on declared mixed pairs (modelled as electrical)
  raster: 4 ms/char, 100 ms from onset   (| spike, # multiple)
  t0  DNp01  ........|.........|......
  t0  CNS    .134444443442344322......   (log2 spikes/bin, 9 = flood)

  t1  DNp01  ...............||........
  t1  CNS    .23453344444444431.......   (log2 spikes/bin, 9 = flood)

[cal_loom_gain_1.0] GF 0.60/cell hit 0.80 lat 44.3 ms depol 6.49 mV | CNS 0.0041 Hz | 159.4s
  calibration: loom gain 1.0 -> GF hit 0.80, depol 6.49 mV
[graph] removed 679 EM chemical synapses on declared mixed pairs (modelled as electrical)
  raster: 4 ms/char, 100 ms from onset   (| spike, # multiple)
  t0  DNp01  ........||...|...........
  t0  CNS    .144445455444444432.1....   (log2 spikes/bin, 9 = flood)

  t1  DNp01  ......|......|..#........
  t1  CNS    .2454445445445543........   (log2 spikes/bin, 9 = flood)

[cal_loom_gain_1.3] GF 1.38/cell hit 1.00 lat 36.0 ms depol 6.96 mV | CNS 0.0062 Hz | 158.9s
  calibration: loom gain 1.3 -> GF hit 1.00, depol 6.96 mV
A2 working point: loom gain 0.6
[graph] removed 679 EM chemical synapses on declared mixed pairs (modelled as electrical)
  raster: 4 ms/char, 100 ms from onset   (| spike, # multiple)
  t0  DNp01  .........................
  t0  CNS    .1344434444444431........   (log2 spikes/bin, 9 = flood)

  t1  DNp01  .........................
  t1  CNS    ..333444433444432........   (log2 spikes/bin, 9 = flood)

[A1_jo_alone_electrical] GF 0.03/cell hit 0.05 lat 30.4 ms depol 1.99 mV | CNS 0.0039 Hz | 160.4s
[graph] removed 679 EM chemical synapses on declared mixed pairs (modelled as electrical)
  raster: 4 ms/char, 100 ms from onset   (| spike, # multiple)
  t0  DNp01  .........................
  t0  CNS    .1344434444444431........   (log2 spikes/bin, 9 = flood)

  t1  DNp01  .........................
  t1  CNS    ..333444433444432........   (log2 spikes/bin, 9 = flood)

[A3_jo_alone_no_electrical_no_mixed_edges] GF 0.00/cell hit 0.00 lat nan ms depol 0.36 mV | CNS 0.0039 Hz | 156.7s
  raster: 4 ms/char, 100 ms from onset   (| spike, # multiple)
  t0  DNp01  ..|......|...............
  t0  CNS    .1344434444444431........   (log2 spikes/bin, 9 = flood)

  t1  DNp01  ..|.......|..............
  t1  CNS    ..333444434444432........   (log2 spikes/bin, 9 = flood)

[ref_jo_alone_chem_only_EM_as_annotated] GF 0.88/cell hit 1.00 lat 12.1 ms depol 3.63 mV | CNS 0.0039 Hz | 155.7s
[graph] removed 679 EM chemical synapses on declared mixed pairs (modelled as electrical)
  raster: 4 ms/char, 100 ms from onset   (| spike, # multiple)
  t0  DNp01  .........................
  t0  CNS    ..22433322232233311......   (log2 spikes/bin, 9 = flood)

  t1  DNp01  .........................
  t1  CNS    .12334332232233212.......   (log2 spikes/bin, 9 = flood)

[subthreshold_loom_alone] GF 0.01/cell hit 0.03 lat 23.4 ms depol 4.25 mV | CNS 0.0018 Hz | 165.6s
[graph] removed 679 EM chemical synapses on declared mixed pairs (modelled as electrical)
  raster: 4 ms/char, 100 ms from onset   (| spike, # multiple)
  t0  DNp01  .........................
  t0  CNS    .1345444354445442........   (log2 spikes/bin, 9 = flood)

  t1  DNp01  .......|.................
  t1  CNS    .24444454444455432.......   (log2 spikes/bin, 9 = flood)

[A2_loom_plus_jo] GF 0.26/cell hit 0.53 lat 30.9 ms depol 3.81 mV | CNS 0.0059 Hz | 158.8s
[graph] removed 679 EM chemical synapses on declared mixed pairs (modelled as electrical)
  raster: 4 ms/char, 100 ms from onset   (| spike, # multiple)
  t0  DNp01  .........................
  t0  CNS    ...1.1.1.121211..........   (log2 spikes/bin, 9 = flood)

  t1  DNp01  .........................
  t1  CNS    .......1....2112.........   (log2 spikes/bin, 9 = flood)

[A4_jo_rewired_null_chem] GF 0.00/cell hit 0.00 lat nan ms depol 0.00 mV | CNS 0.0003 Hz | 176.0s
A2 (reported, 40 trials/arm): loom alone 0.03 -> with JO 0.53; difference +0.50 (95% CI +0.21 to +0.86) -> facilitation

CHECKS
  PASS  A1_jo_alone_mostly_subthreshold
  REPORTED  A2_jo_effect_on_near_threshold_loom_REPORTED
  PASS  A3_declared_pairs_carry_jo_drive
  PASS  A4_null_silent
  PASS  A5_cns_quiet

BENCHMARK PASS  -> results/auditory/report.json
