[graph] SIGN-FLIP PERTURBATION: 613,450 edges (10%) sign-inverted
[graph] 176,422 neurons, 6,127,738 signed edges (dropped 110,136 unknown-NT pairs and modulatory amines)

  loom  ->  LC4/LPLC2 (lobula)  ==chem==>  GF (DNp01)  ==gap 0.8ms==>  TTMn  ->  jump
                                                 \==gap 0.8ms==>  PSI  ->  DLMn (wing)
  [brain] ........................................ neck ........ [VNC]
[graph] removed 679 EM chemical synapses on declared mixed pairs (modelled as electrical)
  raster: 4 ms/char, 120 ms from onset   (| spike, # multiple)
  t0  DNp01  ......#.......................
  t0  TTMn   ......#.......................
  t0  CNS    .12133332122212111............   (log2 spikes/bin, 9 = flood)

  t1  DNp01  ..............................
  t1  TTMn   ..............................
  t1  CNS    ...22222111232421.............   (log2 spikes/bin, 9 = flood)

  t2  DNp01  ........|....|................
  t2  TTMn   ........|....|................
  t2  CNS    ..222323223434311.............   (log2 spikes/bin, 9 = flood)

  region activity (spikes per neuron over 20 stimulus windows):
  visual_centrifugal     ######################################## 0.321
  vnc_efferent           ###########################              0.223
  descending_neuron      ############                             0.097
  cb_intrinsic           ####                                     0.038
  vnc_motor              ###                                      0.030
  ascending_neuron                                                0.006
  visual_projection                                               0.000
[real_electrical] GF 0.53/cell hit 0.65 lat 36.6 ms | TTMn 0.53/cell lag 0.90 ms | pop 0.0013 Hz | 44.9s
  raster: 4 ms/char, 120 ms from onset   (| spike, # multiple)
  t0  DNp01  .....||.......................
  t0  TTMn   ..............................
  t0  CNS    .12133332122212111............   (log2 spikes/bin, 9 = flood)

  t1  DNp01  ..............................
  t1  TTMn   ..............................
  t1  CNS    ...22222111232421.............   (log2 spikes/bin, 9 = flood)

  t2  DNp01  ........|.|...................
  t2  TTMn   ..............................
  t2  CNS    ..222323223433311.............   (log2 spikes/bin, 9 = flood)

  region activity (spikes per neuron over 20 stimulus windows):
  visual_centrifugal     ######################################## 0.321
  descending_neuron      ############                             0.099
  cb_intrinsic           ####                                     0.038
  ascending_neuron                                                0.006
  visual_projection                                               0.000
[real_chemical_only] GF 0.57/cell hit 0.70 lat 36.0 ms | TTMn 0.00/cell lag nan ms | pop 0.0012 Hz | 42.7s
  raster: 4 ms/char, 120 ms from onset   (| spike, # multiple)
  t0  DNp01  ..............................
  t0  TTMn   ..............................
  t0  CNS    ..............................   (log2 spikes/bin, 9 = flood)

  t1  DNp01  ..............................
  t1  TTMn   ..............................
  t1  CNS    ..............................   (log2 spikes/bin, 9 = flood)

  t2  DNp01  ..............................
  t2  TTMn   ..............................
  t2  CNS    ..............................   (log2 spikes/bin, 9 = flood)

  region activity: none
[rewired_null] GF 0.00/cell hit 0.00 lat nan ms | TTMn 0.00/cell lag nan ms | pop 0.0000 Hz | 44.2s

CHECKS
  PASS  gf_spikes_per_response_1_to_2
  FAIL  gf_hit_ge_0.8
  PASS  gf_latency_10_60ms
  PASS  ttmn_one_to_one
  PASS  ttmn_lag_0.5_1.5ms
  PASS  cns_quiet
  PASS  electrical_necessary
  PASS  null_silent

BENCHMARK FAIL  -> results/gf_escape/report.json
