[graph] SIGN-FLIP PERTURBATION: 306,977 edges (5%) sign-inverted
[graph] 176,422 neurons, 6,127,738 signed edges (dropped 110,136 unknown-NT pairs and modulatory amines)

  sound ->  JO-A/JO-B (antenna)  ==gap (calibrated 3 mV)==>  GF (DNp01)   subthreshold alone
  loom  ->  LC4/LPLC2            ==chem=====================>  GF          summates -> spike
JO vibration types: ['JO-A2', 'JO-A1', 'JO-A4', 'JO-A3', 'JO-B1_a', 'JO-B4_b', 'JO-B1_b', 'JO-B3', 'JO-B1_c', 'JO-B2', 'JO-B4_a']
[graph] removed 679 EM chemical synapses on declared mixed pairs (modelled as electrical)
  raster: 4 ms/char, 100 ms from onset   (| spike, # multiple)
  t0  DNp01  .........................
  t0  CNS    ...21112233.11.11........   (log2 spikes/bin, 9 = flood)

  t1  DNp01  .........................
  t1  CNS    ..11222321121211.........   (log2 spikes/bin, 9 = flood)

[cal_loom_gain_0.4] GF 0.00/cell hit 0.00 lat nan ms depol 2.74 mV | CNS 0.0008 Hz | 99.3s
  calibration: loom gain 0.4 -> GF hit 0.00, depol 2.74 mV
[graph] removed 679 EM chemical synapses on declared mixed pairs (modelled as electrical)
  raster: 4 ms/char, 100 ms from onset   (| spike, # multiple)
  t0  DNp01  .........................
  t0  CNS    ..222341222.1322.........   (log2 spikes/bin, 9 = flood)

  t1  DNp01  .........................
  t1  CNS    ..122333312232321........   (log2 spikes/bin, 9 = flood)

[cal_loom_gain_0.6] GF 0.01/cell hit 0.03 lat 60.3 ms depol 4.14 mV | CNS 0.0016 Hz | 98.6s
  calibration: loom gain 0.6 -> GF hit 0.03, depol 4.14 mV
[graph] removed 679 EM chemical synapses on declared mixed pairs (modelled as electrical)
  raster: 4 ms/char, 100 ms from onset   (| spike, # multiple)
  t0  DNp01  .........................
  t0  CNS    ..33334223333332.........   (log2 spikes/bin, 9 = flood)

  t1  DNp01  ..............|..........
  t1  CNS    .12444323333333221.......   (log2 spikes/bin, 9 = flood)

[cal_loom_gain_0.8] GF 0.15/cell hit 0.30 lat 53.5 ms depol 5.29 mV | CNS 0.0027 Hz | 98.8s
  calibration: loom gain 0.8 -> GF hit 0.30, depol 5.29 mV
[graph] removed 679 EM chemical synapses on declared mixed pairs (modelled as electrical)
  raster: 4 ms/char, 100 ms from onset   (| spike, # multiple)
  t0  DNp01  .........................
  t0  CNS    .22444433234323322.......   (log2 spikes/bin, 9 = flood)

  t1  DNp01  .........|...............
  t1  CNS    .2334443344434343........   (log2 spikes/bin, 9 = flood)

[cal_loom_gain_1.0] GF 0.56/cell hit 0.82 lat 47.3 ms depol 6.25 mV | CNS 0.0039 Hz | 98.6s
  calibration: loom gain 1.0 -> GF hit 0.82, depol 6.25 mV
[graph] removed 679 EM chemical synapses on declared mixed pairs (modelled as electrical)
  raster: 4 ms/char, 100 ms from onset   (| spike, # multiple)
  t0  DNp01  ............|..|.........
  t0  CNS    .23544434445444421.......   (log2 spikes/bin, 9 = flood)

  t1  DNp01  ......|.|....||.|........
  t1  CNS    .2445544544445443........   (log2 spikes/bin, 9 = flood)

[cal_loom_gain_1.3] GF 1.76/cell hit 1.00 lat 38.5 ms depol 6.96 mV | CNS 0.0060 Hz | 98.7s
  calibration: loom gain 1.3 -> GF hit 1.00, depol 6.96 mV
A2 working point: loom gain 0.8
[graph] removed 679 EM chemical synapses on declared mixed pairs (modelled as electrical)
  raster: 4 ms/char, 100 ms from onset   (| spike, # multiple)
  t0  DNp01  .........................
  t0  CNS    ..23233443344332.........   (log2 spikes/bin, 9 = flood)

  t1  DNp01  .........................
  t1  CNS    ..3233324343333311.......   (log2 spikes/bin, 9 = flood)

[A1_jo_alone_electrical] GF 0.00/cell hit 0.00 lat nan ms depol 1.18 mV | CNS 0.0028 Hz | 98.0s
[graph] removed 679 EM chemical synapses on declared mixed pairs (modelled as electrical)
  raster: 4 ms/char, 100 ms from onset   (| spike, # multiple)
  t0  DNp01  .........................
  t0  CNS    ..23233443344332.........   (log2 spikes/bin, 9 = flood)

  t1  DNp01  .........................
  t1  CNS    ..3233324343333311.......   (log2 spikes/bin, 9 = flood)

[A3_jo_alone_no_electrical_no_mixed_edges] GF 0.00/cell hit 0.00 lat nan ms depol 0.13 mV | CNS 0.0028 Hz | 95.1s
  raster: 4 ms/char, 100 ms from onset   (| spike, # multiple)
  t0  DNp01  ...|..|..................
  t0  CNS    ..23234443344332.........   (log2 spikes/bin, 9 = flood)

  t1  DNp01  ..|..|...................
  t1  CNS    ..323342434333332........   (log2 spikes/bin, 9 = flood)

[ref_jo_alone_chem_only_EM_as_annotated] GF 1.15/cell hit 1.00 lat 11.9 ms depol 3.68 mV | CNS 0.0029 Hz | 95.3s
[graph] removed 679 EM chemical synapses on declared mixed pairs (modelled as electrical)
  raster: 4 ms/char, 100 ms from onset   (| spike, # multiple)
  t0  DNp01  .........................
  t0  CNS    ..33334223333332.........   (log2 spikes/bin, 9 = flood)

  t1  DNp01  ..............|..........
  t1  CNS    .12444323333333221.......   (log2 spikes/bin, 9 = flood)

[subthreshold_loom_alone] GF 0.15/cell hit 0.30 lat 53.5 ms depol 5.29 mV | CNS 0.0027 Hz | 98.7s
[graph] removed 679 EM chemical synapses on declared mixed pairs (modelled as electrical)
  raster: 4 ms/char, 100 ms from onset   (| spike, # multiple)
  t0  DNp01  .........................
  t0  CNS    ..344444444544442........   (log2 spikes/bin, 9 = flood)

  t1  DNp01  .........................
  t1  CNS    .2244544445444432........   (log2 spikes/bin, 9 = flood)

[A2_loom_plus_jo] GF 0.12/cell hit 0.25 lat 31.0 ms depol 3.57 mV | CNS 0.0055 Hz | 99.4s
[graph] removed 679 EM chemical synapses on declared mixed pairs (modelled as electrical)
  raster: 4 ms/char, 100 ms from onset   (| spike, # multiple)
  t0  DNp01  .........................
  t0  CNS    ........1..112.1.........   (log2 spikes/bin, 9 = flood)

  t1  DNp01  .........................
  t1  CNS    ..1112211.1.1............   (log2 spikes/bin, 9 = flood)

[A4_jo_rewired_null_chem] GF 0.00/cell hit 0.00 lat nan ms depol 0.00 mV | CNS 0.0003 Hz | 95.7s
A2 (reported, 40 trials/arm): loom alone 0.30 -> with JO 0.25; difference -0.05 (95% CI -0.43 to +0.32) -> UNRESOLVED

CHECKS
  PASS  A1_jo_alone_mostly_subthreshold
  REPORTED  A2_jo_effect_on_near_threshold_loom_REPORTED
  PASS  A3_declared_pairs_carry_jo_drive
  PASS  A4_null_silent
  PASS  A5_cns_quiet

BENCHMARK PASS  -> results/auditory/report.json
