[graph] SIGN-FLIP PERTURBATION: 613,450 edges (10%) sign-inverted
[graph] 176,422 neurons, 6,127,738 signed edges (dropped 110,136 unknown-NT pairs and modulatory amines)

  sound ->  JO-A/JO-B (antenna)  ==gap (calibrated 3 mV)==>  GF (DNp01)   subthreshold alone
  loom  ->  LC4/LPLC2            ==chem=====================>  GF          summates -> spike
JO vibration types: ['JO-A2', 'JO-A1', 'JO-A4', 'JO-A3', 'JO-B1_a', 'JO-B4_b', 'JO-B1_b', 'JO-B3', 'JO-B1_c', 'JO-B2', 'JO-B4_a']
[graph] removed 679 EM chemical synapses on declared mixed pairs (modelled as electrical)
  raster: 4 ms/char, 100 ms from onset   (| spike, # multiple)
  t0  DNp01  .........................
  t0  CNS    ...1212321231222.........   (log2 spikes/bin, 9 = flood)

  t1  DNp01  .........................
  t1  CNS    ..1.212.22.21232.........   (log2 spikes/bin, 9 = flood)

[cal_loom_gain_0.4] GF 0.00/cell hit 0.00 lat nan ms depol 2.15 mV | CNS 0.0007 Hz | 49.0s
  calibration: loom gain 0.4 -> GF hit 0.00, depol 2.15 mV
[graph] removed 679 EM chemical synapses on declared mixed pairs (modelled as electrical)
  raster: 4 ms/char, 100 ms from onset   (| spike, # multiple)
  t0  DNp01  .........................
  t0  CNS    ..123333232323221........   (log2 spikes/bin, 9 = flood)

  t1  DNp01  .........................
  t1  CNS    .112333333222322.........   (log2 spikes/bin, 9 = flood)

[cal_loom_gain_0.6] GF 0.00/cell hit 0.00 lat nan ms depol 3.09 mV | CNS 0.0012 Hz | 48.5s
  calibration: loom gain 0.6 -> GF hit 0.00, depol 3.09 mV
[graph] removed 679 EM chemical synapses on declared mixed pairs (modelled as electrical)
  raster: 4 ms/char, 100 ms from onset   (| spike, # multiple)
  t0  DNp01  .........................
  t0  CNS    ..2334342333333321.......   (log2 spikes/bin, 9 = flood)

  t1  DNp01  .........................
  t1  CNS    .2233333233333321........   (log2 spikes/bin, 9 = flood)

[cal_loom_gain_0.8] GF 0.00/cell hit 0.00 lat nan ms depol 4.03 mV | CNS 0.0019 Hz | 48.3s
  calibration: loom gain 0.8 -> GF hit 0.00, depol 4.03 mV
[graph] removed 679 EM chemical synapses on declared mixed pairs (modelled as electrical)
  raster: 4 ms/char, 100 ms from onset   (| spike, # multiple)
  t0  DNp01  .........................
  t0  CNS    ..23433433343434311......   (log2 spikes/bin, 9 = flood)

  t1  DNp01  .........................
  t1  CNS    .224434333343332211......   (log2 spikes/bin, 9 = flood)

[cal_loom_gain_1.0] GF 0.07/cell hit 0.15 lat 51.3 ms depol 4.95 mV | CNS 0.0027 Hz | 48.9s
  calibration: loom gain 1.0 -> GF hit 0.15, depol 4.95 mV
[graph] removed 679 EM chemical synapses on declared mixed pairs (modelled as electrical)
  raster: 4 ms/char, 100 ms from onset   (| spike, # multiple)
  t0  DNp01  ..............|..........
  t0  CNS    .12444343443444311.......   (log2 spikes/bin, 9 = flood)

  t1  DNp01  .........................
  t1  CNS    .23444444334343311.......   (log2 spikes/bin, 9 = flood)

[cal_loom_gain_1.3] GF 0.38/cell hit 0.75 lat 43.9 ms depol 5.89 mV | CNS 0.0038 Hz | 48.7s
  calibration: loom gain 1.3 -> GF hit 0.75, depol 5.89 mV
A2 working point: loom gain 1.0
[graph] removed 679 EM chemical synapses on declared mixed pairs (modelled as electrical)
  raster: 4 ms/char, 100 ms from onset   (| spike, # multiple)
  t0  DNp01  ............|............
  t0  CNS    ..233433444443421........   (log2 spikes/bin, 9 = flood)

  t1  DNp01  ........|................
  t1  CNS    ..233334444344341........   (log2 spikes/bin, 9 = flood)

[A1_jo_alone_electrical] GF 0.33/cell hit 0.55 lat 48.5 ms depol 2.91 mV | CNS 0.0031 Hz | 48.6s
[graph] removed 679 EM chemical synapses on declared mixed pairs (modelled as electrical)
  raster: 4 ms/char, 100 ms from onset   (| spike, # multiple)
  t0  DNp01  .............|...........
  t0  CNS    ..233433444443421........   (log2 spikes/bin, 9 = flood)

  t1  DNp01  .........................
  t1  CNS    ..233334344344341........   (log2 spikes/bin, 9 = flood)

[A3_jo_alone_no_electrical_no_mixed_edges] GF 0.23/cell hit 0.45 lat 54.1 ms depol 2.06 mV | CNS 0.0031 Hz | 47.2s
  raster: 4 ms/char, 100 ms from onset   (| spike, # multiple)
  t0  DNp01  ...|...|......|..........
  t0  CNS    ..233433344442432........   (log2 spikes/bin, 9 = flood)

  t1  DNp01  ...|...|.................
  t1  CNS    ..233334344344441........   (log2 spikes/bin, 9 = flood)

[ref_jo_alone_chem_only_EM_as_annotated] GF 1.18/cell hit 1.00 lat 20.0 ms depol 3.66 mV | CNS 0.0031 Hz | 46.7s
[graph] removed 679 EM chemical synapses on declared mixed pairs (modelled as electrical)
  raster: 4 ms/char, 100 ms from onset   (| spike, # multiple)
  t0  DNp01  .........................
  t0  CNS    ..23433433343434311......   (log2 spikes/bin, 9 = flood)

  t1  DNp01  .........................
  t1  CNS    .224434333343332211......   (log2 spikes/bin, 9 = flood)

[subthreshold_loom_alone] GF 0.07/cell hit 0.15 lat 51.3 ms depol 4.95 mV | CNS 0.0027 Hz | 48.6s
[graph] removed 679 EM chemical synapses on declared mixed pairs (modelled as electrical)
  raster: 4 ms/char, 100 ms from onset   (| spike, # multiple)
  t0  DNp01  .............|...........
  t0  CNS    .13345444353555532.......   (log2 spikes/bin, 9 = flood)

  t1  DNp01  ............|............
  t1  CNS    ..3444444443454442.......   (log2 spikes/bin, 9 = flood)

[A2_loom_plus_jo] GF 0.53/cell hit 1.00 lat 43.0 ms depol 4.41 mV | CNS 0.0057 Hz | 48.9s
[graph] removed 679 EM chemical synapses on declared mixed pairs (modelled as electrical)
  raster: 4 ms/char, 100 ms from onset   (| spike, # multiple)
  t0  DNp01  .........................
  t0  CNS    .......11112.22..........   (log2 spikes/bin, 9 = flood)

  t1  DNp01  .........................
  t1  CNS    .......11221222..........   (log2 spikes/bin, 9 = flood)

[A4_jo_rewired_null_chem] GF 0.00/cell hit 0.00 lat nan ms depol 0.00 mV | CNS 0.0003 Hz | 46.4s
A2 (reported): JO drive changes GF response to near-threshold loom 0.15 -> 1.00 (facilitation)

CHECKS
  FAIL  A1_jo_alone_mostly_subthreshold
  REPORTED  A2_jo_effect_on_near_threshold_loom_REPORTED
  FAIL  A3_declared_pairs_carry_jo_drive
  PASS  A4_null_silent
  PASS  A5_cns_quiet

BENCHMARK FAIL  -> results/auditory/report.json
