[graph] SIGN-FLIP PERTURBATION: 307,241 edges (5%) sign-inverted
[graph] 176,422 neurons, 6,127,738 signed edges (dropped 110,136 unknown-NT pairs and modulatory amines)

  loom  ->  LC4/LPLC2 (lobula)  ==chem==>  GF (DNp01)  ==gap 0.8ms==>  TTMn  ->  jump
                                                 \==gap 0.8ms==>  PSI  ->  DLMn (wing)
  [brain] ........................................ neck ........ [VNC]
loom tuning source: MEASURED: Turner, Krieger, Pang & Clandinin 2022, eLife 11:e82587; Dryad doi:10.5061/dryad.h44j0zpp8 (10 flies, extracted 2026-09-08); peak rate 5.0 Hz; gain sigma 0.3834
[graph] removed 679 EM chemical synapses on declared mixed pairs (modelled as electrical)
  per trial GF/TTMn spikes: 1/1 0/0 3/3 1/1 0/0 1/1 5/5 2/2 0/0 0/0 0/0 1/1 0/0 0/0 0/0 0/0 1/1 0/0 1/1 3/3
  raster: 4 ms/char, 120 ms from onset   (| spike, # multiple)
  t0  DNp01  ..............|...............
  t0  TTMn   ..............|...............
  t0  CNS    .12344444443334443............   (log2 spikes/bin, 9 = flood)

  t1  DNp01  ..............................
  t1  TTMn   ..............................
  t1  CNS    .2244333343433322.............   (log2 spikes/bin, 9 = flood)

  t2  DNp01  .........|.||.................
  t2  TTMn   .........|..#.................
  t2  CNS    .12444444444444321............   (log2 spikes/bin, 9 = flood)

  region activity (spikes per neuron over 20 stimulus windows):
  visual_centrifugal     ######################################## 0.980
  vnc_efferent           ########                                 0.202
  cb_intrinsic           ####                                     0.109
  descending_neuron      #                                        0.033
  vnc_motor              #                                        0.027
[real_electrical] GF 0.47/cell hit 0.50 (95% CI 0.30-0.70) lat 42.4 ms | TTMn 0.47/cell lag 0.90 ms | pop 0.0033 Hz | 47.5s
  per trial GF/TTMn spikes: 1/0 0/0 3/0 1/0 0/0 1/0 5/0 2/0 0/0 0/0 0/0 1/0 0/0 0/0 0/0 0/0 1/0 0/0 1/0 3/0
  raster: 4 ms/char, 120 ms from onset   (| spike, # multiple)
  t0  DNp01  ..............|...............
  t0  TTMn   ..............................
  t0  CNS    .12344444443334443............   (log2 spikes/bin, 9 = flood)

  t1  DNp01  ..............................
  t1  TTMn   ..............................
  t1  CNS    .2244333343433322.............   (log2 spikes/bin, 9 = flood)

  t2  DNp01  .........|.||.................
  t2  TTMn   ..............................
  t2  CNS    .12444444444444321............   (log2 spikes/bin, 9 = flood)

  region activity (spikes per neuron over 20 stimulus windows):
  visual_centrifugal     ######################################## 0.980
  cb_intrinsic           ####                                     0.109
  descending_neuron      #                                        0.033
[real_chemical_only] GF 0.47/cell hit 0.50 (95% CI 0.30-0.70) lat 38.1 ms | TTMn 0.00/cell lag nan ms | pop 0.0033 Hz | 44.8s
  per trial GF/TTMn spikes: 0/0 0/0 0/0 0/0 0/0 0/0 0/0 0/0 0/0 0/0 0/0 0/0 0/0 0/0 0/0 0/0 0/0 0/0 0/0 0/0
  raster: 4 ms/char, 120 ms from onset   (| spike, # multiple)
  t0  DNp01  ..............................
  t0  TTMn   ..............................
  t0  CNS    ..............................   (log2 spikes/bin, 9 = flood)

  t1  DNp01  ..............................
  t1  TTMn   ..............................
  t1  CNS    ..............................   (log2 spikes/bin, 9 = flood)

  t2  DNp01  ..............................
  t2  TTMn   ..............................
  t2  CNS    ..............................   (log2 spikes/bin, 9 = flood)

  region activity: none
[rewired_null] GF 0.00/cell hit 0.00 (95% CI -0.00-0.16) lat nan ms | TTMn 0.00/cell lag nan ms | pop 0.0000 Hz | 46.7s

CHECKS
  PASS  gf_spikes_per_response_1_to_2
  PASS  gf_response_prob_0.5_to_1
  PASS  gf_latency_10_60ms
  PASS  ttmn_one_to_one
  PASS  ttmn_lag_0.5_1.5ms
  PASS  cns_quiet
  PASS  electrical_necessary
  PASS  null_silent

BENCHMARK PASS  -> results/gf_escape/report.json
