[graph] 176,422 neurons, 6,127,738 signed edges (dropped 110,136 unknown-NT pairs and modulatory amines)

  loom  ->  LC4/LPLC2 (lobula)  ==chem==>  GF (DNp01)  ==gap 0.8ms==>  TTMn  ->  jump
                                                 \==gap 0.8ms==>  PSI  ->  DLMn (wing)
  [brain] ........................................ neck ........ [VNC]
loom tuning source: MEASURED: Turner, Krieger, Pang & Clandinin 2022, eLife 11:e82587; Dryad doi:10.5061/dryad.h44j0zpp8 (10 flies, extracted 2026-09-08); peak rate 5.0 Hz; gain sigma 0.3834
[graph] removed 679 EM chemical synapses on declared mixed pairs (modelled as electrical)
  per trial GF/TTMn spikes: 0/0 0/0 0/0 1/1 0/0 0/0 3/3 1/1 0/0 0/0 0/0 0/0 0/0 0/0 0/0 0/0 0/0 0/0 0/0 2/2
  raster: 4 ms/char, 120 ms from onset   (| spike, # multiple)
  t0  DNp01  ..............................
  t0  TTMn   ..............................
  t0  CNS    ..2344342433334431............   (log2 spikes/bin, 9 = flood)

  t1  DNp01  ..............................
  t1  TTMn   ..............................
  t1  CNS    .1244333323334321.............   (log2 spikes/bin, 9 = flood)

  t2  DNp01  ..............................
  t2  TTMn   ..............................
  t2  CNS    ..244444334443432.............   (log2 spikes/bin, 9 = flood)

  region activity (spikes per neuron over 20 stimulus windows):
  visual_centrifugal     ######################################## 0.861
  cb_intrinsic           ####                                     0.089
  vnc_efferent           ###                                      0.074
  descending_neuron                                               0.018
  vnc_motor                                                       0.010
[real_electrical] GF 0.17/cell hit 0.20 (95% CI 0.08-0.42) lat 45.6 ms | TTMn 0.17/cell lag 0.90 ms | pop 0.0027 Hz | 47.6s
  per trial GF/TTMn spikes: 1/0 0/0 1/0 1/0 0/0 1/0 3/0 1/0 0/0 0/0 0/0 0/0 0/0 0/0 0/0 0/0 1/0 0/0 1/0 2/0
  raster: 4 ms/char, 120 ms from onset   (| spike, # multiple)
  t0  DNp01  .........|....................
  t0  TTMn   ..............................
  t0  CNS    ..2344342433334431............   (log2 spikes/bin, 9 = flood)

  t1  DNp01  ..............................
  t1  TTMn   ..............................
  t1  CNS    .1244333323334321.............   (log2 spikes/bin, 9 = flood)

  t2  DNp01  ...............|..............
  t2  TTMn   ..............................
  t2  CNS    ..244444334443432.............   (log2 spikes/bin, 9 = flood)

  region activity (spikes per neuron over 20 stimulus windows):
  visual_centrifugal     ######################################## 0.861
  cb_intrinsic           ####                                     0.089
  descending_neuron                                               0.021
[real_chemical_only] GF 0.30/cell hit 0.45 (95% CI 0.26-0.66) lat 44.9 ms | TTMn 0.00/cell lag nan ms | pop 0.0027 Hz | 45.0s
  per trial GF/TTMn spikes: 0/0 0/0 0/0 0/0 0/0 0/0 0/0 0/0 0/0 0/0 0/0 0/0 0/0 0/0 0/0 0/0 0/0 0/0 0/0 0/0
  raster: 4 ms/char, 120 ms from onset   (| spike, # multiple)
  t0  DNp01  ..............................
  t0  TTMn   ..............................
  t0  CNS    ..............................   (log2 spikes/bin, 9 = flood)

  t1  DNp01  ..............................
  t1  TTMn   ..............................
  t1  CNS    ..............................   (log2 spikes/bin, 9 = flood)

  t2  DNp01  ..............................
  t2  TTMn   ..............................
  t2  CNS    ..............................   (log2 spikes/bin, 9 = flood)

  region activity: none
[rewired_null] GF 0.00/cell hit 0.00 (95% CI -0.00-0.16) lat nan ms | TTMn 0.00/cell lag nan ms | pop 0.0000 Hz | 46.9s

CHECKS
  PASS  gf_spikes_per_response_1_to_2
  FAIL  gf_response_prob_0.5_to_1
  PASS  gf_latency_10_60ms
  PASS  ttmn_one_to_one
  PASS  ttmn_lag_0.5_1.5ms
  PASS  cns_quiet
  PASS  electrical_necessary
  PASS  null_silent

BENCHMARK FAIL  -> results/gf_escape/report.json
