[graph] 176,422 neurons, 6,127,738 signed edges (dropped 110,136 unknown-NT pairs and modulatory amines)

  sound ->  JO-A/JO-B (antenna)  ==gap (calibrated 3 mV)==>  GF (DNp01)   subthreshold alone
  loom  ->  LC4/LPLC2            ==chem=====================>  GF          summates -> spike
JO vibration types: ['JO-A2', 'JO-A1', 'JO-A4', 'JO-A3', 'JO-B1_a', 'JO-B4_b', 'JO-B1_b', 'JO-B3', 'JO-B1_c', 'JO-B2', 'JO-B4_a']
[graph] removed 679 EM chemical synapses on declared mixed pairs (modelled as electrical)
  raster: 4 ms/char, 100 ms from onset   (| spike, # multiple)
  t0  DNp01  .........................
  t0  CNS    ..223333221212231.1......   (log2 spikes/bin, 9 = flood)

  t1  DNp01  .........................
  t1  CNS    .1234321132.1231.1.......   (log2 spikes/bin, 9 = flood)

[cal_loom_gain_0.4] GF 0.00/cell hit 0.00 lat nan ms depol 3.23 mV | CNS 0.0013 Hz | 47.2s
  calibration: loom gain 0.4 -> GF hit 0.00, depol 3.23 mV
[graph] removed 679 EM chemical synapses on declared mixed pairs (modelled as electrical)
  raster: 4 ms/char, 100 ms from onset   (| spike, # multiple)
  t0  DNp01  ..............|..........
  t0  CNS    ..23443333342332.........   (log2 spikes/bin, 9 = flood)

  t1  DNp01  .........................
  t1  CNS    .224433233333322.........   (log2 spikes/bin, 9 = flood)

[cal_loom_gain_0.6] GF 0.10/cell hit 0.15 lat 46.5 ms depol 4.79 mV | CNS 0.0022 Hz | 47.0s
  calibration: loom gain 0.6 -> GF hit 0.15, depol 4.79 mV
[graph] removed 679 EM chemical synapses on declared mixed pairs (modelled as electrical)
  raster: 4 ms/char, 100 ms from onset   (| spike, # multiple)
  t0  DNp01  ........|....#.#|........
  t0  CNS    .234444445544444321......   (log2 spikes/bin, 9 = flood)

  t1  DNp01  ...............#|#.......
  t1  CNS    .23443334434443423223....   (log2 spikes/bin, 9 = flood)

[cal_loom_gain_0.8] GF 1.35/cell hit 0.90 lat 48.7 ms depol 6.57 mV | CNS 0.0037 Hz | 46.8s
  calibration: loom gain 0.8 -> GF hit 0.90, depol 6.57 mV
[graph] removed 679 EM chemical synapses on declared mixed pairs (modelled as electrical)
  raster: 4 ms/char, 100 ms from onset   (| spike, # multiple)
  t0  DNp01  .......|...|#|#|.........
  t0  CNS    .2444454445445554432111..   (log2 spikes/bin, 9 = flood)

  t1  DNp01  ...........||#|||........
  t1  CNS    .24444344444444443322....   (log2 spikes/bin, 9 = flood)

[cal_loom_gain_1.0] GF 3.00/cell hit 1.00 lat 43.2 ms depol 6.95 mV | CNS 0.0059 Hz | 46.8s
  calibration: loom gain 1.0 -> GF hit 1.00, depol 6.95 mV
[graph] removed 679 EM chemical synapses on declared mixed pairs (modelled as electrical)
  raster: 4 ms/char, 100 ms from onset   (| spike, # multiple)
  t0  DNp01  ......||.|#|#|...........
  t0  CNS    .2455455555555554321.....   (log2 spikes/bin, 9 = flood)

  t1  DNp01  .........|##|#|..........
  t1  CNS    .345454555555555431.1....   (log2 spikes/bin, 9 = flood)

[cal_loom_gain_1.3] GF 4.38/cell hit 1.00 lat 31.3 ms depol 6.95 mV | CNS 0.0090 Hz | 46.8s
  calibration: loom gain 1.3 -> GF hit 1.00, depol 6.95 mV
A2 working point: loom gain 0.6
[graph] removed 679 EM chemical synapses on declared mixed pairs (modelled as electrical)
  raster: 4 ms/char, 100 ms from onset   (| spike, # multiple)
  t0  DNp01  .........................
  t0  CNS    .14344444544444433221....   (log2 spikes/bin, 9 = flood)

  t1  DNp01  ....|....................
  t1  CNS    .24444454555444433.......   (log2 spikes/bin, 9 = flood)

[A1_jo_alone_electrical] GF 0.10/cell hit 0.20 lat 33.2 ms depol 1.87 mV | CNS 0.0055 Hz | 46.6s
[graph] removed 679 EM chemical synapses on declared mixed pairs (modelled as electrical)
  raster: 4 ms/char, 100 ms from onset   (| spike, # multiple)
  t0  DNp01  .........................
  t0  CNS    .14344444544444433221....   (log2 spikes/bin, 9 = flood)

  t1  DNp01  ....|....................
  t1  CNS    .24444454555444333.......   (log2 spikes/bin, 9 = flood)

[A3_jo_alone_no_electrical_no_mixed_edges] GF 0.07/cell hit 0.15 lat 33.0 ms depol 0.98 mV | CNS 0.0055 Hz | 44.5s
  raster: 4 ms/char, 100 ms from onset   (| spike, # multiple)
  t0  DNp01  ..||............|........
  t0  CNS    .14444444544445433221....   (log2 spikes/bin, 9 = flood)

  t1  DNp01  .|.|....|................
  t1  CNS    .24444454554444333.......   (log2 spikes/bin, 9 = flood)

[ref_jo_alone_chem_only_EM_as_annotated] GF 1.70/cell hit 1.00 lat 9.2 ms depol 3.63 mV | CNS 0.0055 Hz | 44.5s
[graph] removed 679 EM chemical synapses on declared mixed pairs (modelled as electrical)
  raster: 4 ms/char, 100 ms from onset   (| spike, # multiple)
  t0  DNp01  ..............|..........
  t0  CNS    ..23443333342332.........   (log2 spikes/bin, 9 = flood)

  t1  DNp01  .........................
  t1  CNS    .224433233333322.........   (log2 spikes/bin, 9 = flood)

[subthreshold_loom_alone] GF 0.10/cell hit 0.15 lat 46.5 ms depol 4.79 mV | CNS 0.0022 Hz | 46.8s
[graph] removed 679 EM chemical synapses on declared mixed pairs (modelled as electrical)
  raster: 4 ms/char, 100 ms from onset   (| spike, # multiple)
  t0  DNp01  .........................
  t0  CNS    .145555445545555433......   (log2 spikes/bin, 9 = flood)

  t1  DNp01  .........................
  t1  CNS    .134454544554455421......   (log2 spikes/bin, 9 = flood)

[A2_loom_plus_jo] GF 0.07/cell hit 0.15 lat 34.4 ms depol 2.45 mV | CNS 0.0076 Hz | 47.1s
[graph] removed 679 EM chemical synapses on declared mixed pairs (modelled as electrical)
  raster: 4 ms/char, 100 ms from onset   (| spike, # multiple)
  t0  DNp01  .........................
  t0  CNS    ...2.22121331231.........   (log2 spikes/bin, 9 = flood)

  t1  DNp01  .........................
  t1  CNS    ....111223332321.........   (log2 spikes/bin, 9 = flood)

[A4_jo_rewired_null_chem] GF 0.00/cell hit 0.00 lat nan ms depol -0.00 mV | CNS 0.0007 Hz | 44.8s
A2 (reported): JO drive changes GF response to near-threshold loom 0.15 -> 0.15 (none)

CHECKS
  PASS  A1_jo_alone_mostly_subthreshold
  REPORTED  A2_jo_effect_on_near_threshold_loom_REPORTED
  FAIL  A3_declared_pairs_carry_jo_drive
  PASS  A4_null_silent
  PASS  A5_cns_quiet

BENCHMARK FAIL  -> results/auditory/report.json
