[graph] 176,422 neurons, 6,127,738 signed edges (dropped 110,136 unknown-NT pairs and modulatory amines)

  loom  ->  LC4/LPLC2 (lobula)  ==chem==>  GF (DNp01)  ==gap 0.8ms==>  TTMn  ->  jump
                                                 \==gap 0.8ms==>  PSI  ->  DLMn (wing)
  [brain] ........................................ neck ........ [VNC]
loom tuning source: MEASURED: Turner, Krieger, Pang & Clandinin 2022, eLife 11:e82587; Dryad doi:10.5061/dryad.h44j0zpp8 (10 flies, extracted 2026-09-08); peak rate 5.0 Hz; gain sigma 0.3834
[graph] removed 679 EM chemical synapses on declared mixed pairs (modelled as electrical)
  per trial GF/TTMn spikes: 8/8 7/7 9/9 8/8 0/0 9/9 11/11 10/10 0/0 0/0 3/3 9/9 0/0 3/3 0/0 1/1 3/3 3/3 10/10 10/10
  raster: 4 ms/char, 120 ms from onset   (| spike, # multiple)
  t0  DNp01  .......|...|#|#|..............
  t0  TTMn   .......|...||##|..............
  t0  CNS    .244444445544555533...........   (log2 spikes/bin, 9 = flood)

  t1  DNp01  ...........||.#|||............
  t1  TTMn   ...........|.|#|||............
  t1  CNS    .2444434444534443421..........   (log2 spikes/bin, 9 = flood)

  t2  DNp01  ........###|||................
  t2  TTMn   ........#||#||................
  t2  CNS    .145555555556555432...........   (log2 spikes/bin, 9 = flood)

  region activity (spikes per neuron over 20 stimulus windows):
  efferent_ascending     ######################################## 4.750
  visual_centrifugal     ###########                              1.350
  vnc_efferent           #########                                1.096
  descending_neuron      ##                                       0.346
  vnc_motor              ##                                       0.302
  cb_intrinsic           #                                        0.176
  ascending_neuron                                                0.103
  vnc_intrinsic                                                   0.009
  ol_intrinsic                                                    0.000
  visual_projection                                               0.000
[real_electrical] GF 2.60/cell hit 0.75 (95% CI 0.53-0.89) lat 34.7 ms | TTMn 2.60/cell lag 0.90 ms | pop 0.0060 Hz | 47.2s
  per trial GF/TTMn spikes: 8/0 7/0 9/0 8/0 0/0 8/0 11/0 10/0 0/0 1/0 2/0 9/0 0/0 3/0 0/0 1/0 3/0 3/0 10/0 10/0
  raster: 4 ms/char, 120 ms from onset   (| spike, # multiple)
  t0  DNp01  .......|...|#|#|..............
  t0  TTMn   ..............................
  t0  CNS    .244444445544555533...........   (log2 spikes/bin, 9 = flood)

  t1  DNp01  ...........||.#|||............
  t1  TTMn   ..............................
  t1  CNS    .2444434444434443321..........   (log2 spikes/bin, 9 = flood)

  t2  DNp01  ........###|||................
  t2  TTMn   ..............................
  t2  CNS    .145555555556555432...........   (log2 spikes/bin, 9 = flood)

  region activity (spikes per neuron over 20 stimulus windows):
  efferent_ascending     ######################################## 4.625
  visual_centrifugal     ###########                              1.350
  descending_neuron      ##                                       0.346
  cb_intrinsic           #                                        0.176
  vnc_motor              #                                        0.154
  ascending_neuron                                                0.102
  vnc_intrinsic                                                   0.009
  ol_intrinsic                                                    0.000
  visual_projection                                               0.000
[real_chemical_only] GF 2.58/cell hit 0.80 (95% CI 0.58-0.92) lat 35.1 ms | TTMn 0.00/cell lag nan ms | pop 0.0059 Hz | 44.9s
  per trial GF/TTMn spikes: 0/0 0/0 0/0 0/0 0/0 0/0 0/0 0/0 0/0 0/0 0/0 0/0 0/0 0/0 0/0 0/0 0/0 0/0 0/0 0/0
  raster: 4 ms/char, 120 ms from onset   (| spike, # multiple)
  t0  DNp01  ..............................
  t0  TTMn   ..............................
  t0  CNS    ..............................   (log2 spikes/bin, 9 = flood)

  t1  DNp01  ..............................
  t1  TTMn   ..............................
  t1  CNS    ..............................   (log2 spikes/bin, 9 = flood)

  t2  DNp01  ..............................
  t2  TTMn   ..............................
  t2  CNS    .......1........1.............   (log2 spikes/bin, 9 = flood)

  region activity (spikes per neuron over 20 stimulus windows):
  visual_projection      ######################################## 0.000
  cb_sensory             ###################                      0.000
  ol_intrinsic           #########                                0.000
  cb_intrinsic           ########                                 0.000
[rewired_null] GF 0.00/cell hit 0.00 (95% CI -0.00-0.16) lat nan ms | TTMn 0.00/cell lag nan ms | pop 0.0000 Hz | 46.9s

CHECKS
  FAIL  gf_spikes_per_response_1_to_2
  PASS  gf_response_prob_0.5_to_1
  PASS  gf_latency_10_60ms
  PASS  ttmn_one_to_one
  PASS  ttmn_lag_0.5_1.5ms
  PASS  cns_quiet
  PASS  electrical_necessary
  PASS  null_silent

BENCHMARK FAIL  -> results/gf_escape/report.json
