[graph] 176,422 neurons, 6,127,738 signed edges (dropped 110,136 unknown-NT pairs and modulatory amines)

  sound ->  JO-A/JO-B (antenna)  ==gap (calibrated 3 mV)==>  GF (DNp01)   subthreshold alone
  loom  ->  LC4/LPLC2            ==chem=====================>  GF          summates -> spike
JO vibration types: ['JO-A2', 'JO-A1', 'JO-A4', 'JO-A3', 'JO-B1_a', 'JO-B4_b', 'JO-B1_b', 'JO-B3', 'JO-B1_c', 'JO-B2', 'JO-B4_a']
[graph] removed 679 EM chemical synapses on declared mixed pairs (modelled as electrical)
  raster: 4 ms/char, 100 ms from onset   (| spike, # multiple)
  t0  DNp01  .........................
  t0  CNS    ..23333234433343.11......   (log2 spikes/bin, 9 = flood)

  t1  DNp01  .........................
  t1  CNS    ..2333333433433411.......   (log2 spikes/bin, 9 = flood)

[A1_jo_alone_electrical] GF 0.00/cell hit 0.00 lat nan ms depol 1.57 mV | CNS 0.0023 Hz | 44.6s
[graph] removed 679 EM chemical synapses on declared mixed pairs (modelled as electrical)
  raster: 4 ms/char, 100 ms from onset   (| spike, # multiple)
  t0  DNp01  .........................
  t0  CNS    ..23333234433343.11......   (log2 spikes/bin, 9 = flood)

  t1  DNp01  .........................
  t1  CNS    ..2333333433433411.......   (log2 spikes/bin, 9 = flood)

[A3_jo_alone_no_electrical_no_mixed_edges] GF 0.00/cell hit 0.00 lat nan ms depol 0.37 mV | CNS 0.0023 Hz | 42.5s
  raster: 4 ms/char, 100 ms from onset   (| spike, # multiple)
  t0  DNp01  ..|......................
  t0  CNS    ..23333234433343.11......   (log2 spikes/bin, 9 = flood)

  t1  DNp01  ..|......................
  t1  CNS    ..2333333433433311.......   (log2 spikes/bin, 9 = flood)

[ref_jo_alone_chem_only_EM_as_annotated] GF 0.68/cell hit 1.00 lat 11.6 ms depol 3.61 mV | CNS 0.0023 Hz | 42.1s
[graph] removed 679 EM chemical synapses on declared mixed pairs (modelled as electrical)
  raster: 4 ms/char, 100 ms from onset   (| spike, # multiple)
  t0  DNp01  ......||.................
  t0  CNS    ..2233321233212321.......   (log2 spikes/bin, 9 = flood)

  t1  DNp01  ..............|..........
  t1  CNS    ..12212222.23232.........   (log2 spikes/bin, 9 = flood)

[loom_alone] GF 0.62/cell hit 0.75 lat 34.7 ms depol 6.01 mV | CNS 0.0013 Hz | 44.4s
[graph] removed 679 EM chemical synapses on declared mixed pairs (modelled as electrical)
  raster: 4 ms/char, 100 ms from onset   (| spike, # multiple)
  t0  DNp01  .........................
  t0  CNS    ..2343344433444421.......   (log2 spikes/bin, 9 = flood)

  t1  DNp01  .........................
  t1  CNS    .1234344434443442........   (log2 spikes/bin, 9 = flood)

[A2_loom_plus_jo] GF 0.28/cell hit 0.45 lat 22.6 ms depol 4.31 mV | CNS 0.0036 Hz | 44.5s
[graph] removed 679 EM chemical synapses on declared mixed pairs (modelled as electrical)
  raster: 4 ms/char, 100 ms from onset   (| spike, # multiple)
  t0  DNp01  .........................
  t0  CNS    ........111..121.........   (log2 spikes/bin, 9 = flood)

  t1  DNp01  .........................
  t1  CNS    ........12..121..........   (log2 spikes/bin, 9 = flood)

[A4_jo_rewired_null_chem] GF 0.00/cell hit 0.00 lat nan ms depol 0.00 mV | CNS 0.0001 Hz | 42.5s

CHECKS
  PASS  A1_jo_alone_mostly_subthreshold
  PASS  A2_summation_with_loom
  PASS  A3_declared_pairs_carry_jo_drive
  PASS  A4_null_silent
  PASS  A5_cns_quiet

BENCHMARK PASS  -> results/auditory/report.json
