[graph] 176,422 neurons, 6,127,738 signed edges (dropped 110,136 unknown-NT pairs and modulatory amines)

  sound ->  JO-A/JO-B (antenna)  ==gap (calibrated 3 mV)==>  GF (DNp01)   subthreshold alone
  loom  ->  LC4/LPLC2            ==chem=====================>  GF          summates -> spike
JO vibration types: ['JO-A2', 'JO-A1', 'JO-A4', 'JO-A3', 'JO-B1_a', 'JO-B4_b', 'JO-B1_b', 'JO-B3', 'JO-B1_c', 'JO-B2', 'JO-B4_a']
[graph] removed 679 EM chemical synapses on declared mixed pairs (modelled as electrical)
  raster: 4 ms/char, 100 ms from onset   (| spike, # multiple)
  t0  DNp01  .........................
  t0  CNS    ..3443434444334412.......   (log2 spikes/bin, 9 = flood)

  t1  DNp01  .....|...................
  t1  CNS    .1344444444434442........   (log2 spikes/bin, 9 = flood)

[A1_jo_alone_electrical] GF 0.10/cell hit 0.20 lat 38.9 ms depol 1.81 mV | CNS 0.0041 Hz | 44.6s
[graph] removed 679 EM chemical synapses on declared mixed pairs (modelled as electrical)
  raster: 4 ms/char, 100 ms from onset   (| spike, # multiple)
  t0  DNp01  .........................
  t0  CNS    ..3443434444334412.......   (log2 spikes/bin, 9 = flood)

  t1  DNp01  .........................
  t1  CNS    .1344444444434442........   (log2 spikes/bin, 9 = flood)

[A3_jo_alone_no_electrical_no_mixed_edges] GF 0.07/cell hit 0.15 lat 49.9 ms depol 0.94 mV | CNS 0.0041 Hz | 42.5s
  raster: 4 ms/char, 100 ms from onset   (| spike, # multiple)
  t0  DNp01  ..|......................
  t0  CNS    ..3443434444334412.......   (log2 spikes/bin, 9 = flood)

  t1  DNp01  .|..|....................
  t1  CNS    .23444444444344421.......   (log2 spikes/bin, 9 = flood)

[ref_jo_alone_chem_only_EM_as_annotated] GF 0.95/cell hit 1.00 lat 10.0 ms depol 3.63 mV | CNS 0.0041 Hz | 42.3s
[graph] removed 679 EM chemical synapses on declared mixed pairs (modelled as electrical)
  raster: 4 ms/char, 100 ms from onset   (| spike, # multiple)
  t0  DNp01  ....||....|.|............
  t0  CNS    .1234433344454312........   (log2 spikes/bin, 9 = flood)

  t1  DNp01  ...........||.....||.....
  t1  CNS    ..2134222212434333332.1..   (log2 spikes/bin, 9 = flood)

[loom_alone] GF 1.25/cell hit 0.90 lat 28.1 ms depol 6.55 mV | CNS 0.0030 Hz | 44.3s
[graph] removed 679 EM chemical synapses on declared mixed pairs (modelled as electrical)
  raster: 4 ms/char, 100 ms from onset   (| spike, # multiple)
  t0  DNp01  .........................
  t0  CNS    .134443444444555421......   (log2 spikes/bin, 9 = flood)

  t1  DNp01  ...|.....................
  t1  CNS    .235544444444555432.11...   (log2 spikes/bin, 9 = flood)

[A2_loom_plus_jo] GF 0.47/cell hit 0.60 lat 22.2 ms depol 4.42 mV | CNS 0.0069 Hz | 44.5s
[graph] removed 679 EM chemical synapses on declared mixed pairs (modelled as electrical)
  raster: 4 ms/char, 100 ms from onset   (| spike, # multiple)
  t0  DNp01  .........................
  t0  CNS    ...1.1..2222.22..........   (log2 spikes/bin, 9 = flood)

  t1  DNp01  .........................
  t1  CNS    .......1232132.11........   (log2 spikes/bin, 9 = flood)

[A4_jo_rewired_null_chem] GF 0.00/cell hit 0.00 lat nan ms depol 0.00 mV | CNS 0.0004 Hz | 42.6s

CHECKS
  PASS  A1_jo_alone_mostly_subthreshold
  PASS  A2_summation_with_loom
  FAIL  A3_declared_pairs_carry_jo_drive
  PASS  A4_null_silent
  PASS  A5_cns_quiet

BENCHMARK FAIL  -> results/auditory/report.json
